// Vitest Snapshot v1, https://vitest.dev/guide/snapshot.html

exports[`operator precedence > 9 > 8 == -7 and 6 + 5 or 4 * 3 - 2 / 1 1`] = `
Logical {
  "left": Logical {
    "left": Binary {
      "left": Binary {
        "left": IntLiteral {
          "value": 9,
        },
        "op": ">",
        "right": IntLiteral {
          "value": 8,
        },
      },
      "op": "==",
      "right": Unary {
        "expr": IntLiteral {
          "value": 7,
        },
        "op": "-",
      },
    },
    "op": "and",
    "right": Binary {
      "left": IntLiteral {
        "value": 6,
      },
      "op": "+",
      "right": IntLiteral {
        "value": 5,
      },
    },
  },
  "op": "or",
  "right": Binary {
    "left": Binary {
      "left": IntLiteral {
        "value": 4,
      },
      "op": "*",
      "right": IntLiteral {
        "value": 3,
      },
    },
    "op": "-",
    "right": Binary {
      "left": IntLiteral {
        "value": 2,
      },
      "op": "/",
      "right": IntLiteral {
        "value": 1,
      },
    },
  },
}
`;

exports[`operator precedence > 9 > 8 == -7 and 6 + 5 or 4 * 3 - 2 / 1 2`] = `null`;
