// Vitest Snapshot v1, https://vitest.dev/guide/snapshot.html

exports[`it renders a basic config 1`] = `
"
import { Token } from "./token";

export interface ExprVisitor<R> {
  visitAssignExpr(node: Assign): R;

}

export abstract class Expr {
  
  abstract accept<R>(visitor: ExprVisitor<R>): R;
}

export class Assign extends Expr {
  constructor(
    public name: Token,
    public value: Expr | null = null,
  ) {
    super(
    );
  }

  accept<R>(visitor: ExprVisitor<R>): R {
    return visitor.visitAssignExpr(this);
  }
}

"
`;
